<html>
<body>
<pre>
<h1>µVision Build Log</h1>
<h2>Project:</h2>
C:\Users\Nikita\YandexDisk\ARM\ARM Projects\F4 Timer (Sappise)\Example3.uvproj
Project File Date:  10/17/2015

<h2>Output:</h2>
Build target 'Target 1'
compiling main.c...
User\src\main.c(114): warning:  #177-D: variable "i" was declared but never referenced
    uint8_t i=0;
User\src\main.c: 1 warning, 0 errors
linking...
Program Size: Code=11212 RO-data=424 RW-data=76 ZI-data=1988  
".\Example3.axf" - 0 Error(s), 1 Warning(s).
</pre>
</body>
</html>
andexDisk\\ARM\\ARM Projects\\F4 Timer (Sappise)\\Example3.axf" 
Erase Done.
Programming Done.
Verify OK.
Application running ...
plication running ...
Load "C:\\Users\\Nikita\\YandexDisk\\ARM\\ARM Projects\\F4 Timer (Sappise)\\Example3.axf" 
Erase Done.
Programming Done.
Verify OK.
Application running ...
: Flash Download failed  -  C:\Keil\ARM\STLink\ST-LINKIII-KEIL.dll
Load "C:\\Users\\Nikita\\YandexDisk\\ARM\\ARM Projects\\F4 Timer (Sappise)\\Example3.axf" 

Cannot load driver 'C:\Keil\ARM\STLink\ST-LINKIII-KEIL.dll'.

Possible Reasons:
 - Driver DLL could not be found in the specified path
 - Driver DLL requires additional DLL's which are not installed
 - Required Hardware Drivers are not installed
Error: Flash Download failed  -  C:\Keil\ARM\STLink\ST-LINKIII-KEIL.dll
Load "C:\\Users\\Nikita\\YandexDisk\\ARM\\ARM Projects\\F4 Timer (Sappise)\\Example3.axf" 

Cannot load driver 'C:\Keil\ARM\STLink\ST-LINKIII-KEIL.dll'.

Possible Reasons:
 - Driver DLL could not be found in the specified path
 - Driver DLL requires additional DLL's which are not installed
 - Required Hardware Drivers are not installed
Error: Flash Download failed  -  C:\Keil\ARM\STLink\ST-LINKIII-KEIL.dll
Load "C:\\Users\\Nikita\\YandexDisk\\ARM\\ARM Projects\\F4 Timer (Sappise)\\Example3.axf" 
Internal DLL Error
Error: Flash Download failed  -  Target DLL has been cancelled
Load "C:\\Users\\Nikita\\YandexDisk\\ARM\\ARM Projects\\F4 Timer (Sappise)\\Example3.axf" 
Error: Flash Download failed  -  Target DLL has been cancelled
Load "C:\\Users\\Nikita\\YandexDisk\\ARM\\ARM Projects\\F4 Timer (Sappise)\\Example3.axf" 
Erase Done.
Programming Done.
Verify OK.
Application running ...
